[backblue.gif]
[fade.gif]
[index.html]
[demo.okendoken.com/2.1/white/img/favicon.png]
[demo.okendoken.com/2.1/white/img/1.jpg]
[demo.okendoken.com/2.1/white/img/2.jpg]
[demo.okendoken.com/2.1/white/img/3.jpg]
[demo.okendoken.com/2.1/white/img/14.jpg]
[demo.okendoken.com/2.1/white/img/13.jpg]
[demo.okendoken.com/2.1/white/lib/jquery/jquery-2.0.3.min.js]
[demo.okendoken.com/2.1/white/lib/jquery-pjax/jquery.pjax.js]
[demo.okendoken.com/2.1/white/lib/icheck.js/jquery.icheck.js]
[demo.okendoken.com/2.1/white/lib/sparkline/jquery.sparkline.js]
[demo.okendoken.com/2.1/white/lib/jquery-ui-1.10.3.custom.js]
[demo.okendoken.com/2.1/white/lib/jquery.slimscroll.js]
[demo.okendoken.com/2.1/white/lib/nvd3/lib/d3.v2.js]
[demo.okendoken.com/2.1/white/lib/nvd3/nv.d3.custom.js]
[demo.okendoken.com/2.1/white/lib/nvd3/src/models/scatter.js]
[demo.okendoken.com/2.1/white/lib/nvd3/src/models/axis.js]
[demo.okendoken.com/2.1/white/lib/nvd3/src/models/legend.js]
[demo.okendoken.com/2.1/white/lib/nvd3/src/models/multiBar.js]
[demo.okendoken.com/2.1/white/lib/nvd3/src/models/multiBarChart.js]
[demo.okendoken.com/2.1/white/lib/nvd3/src/models/line.js]
[demo.okendoken.com/2.1/white/lib/nvd3/src/models/lineChart.js]
[demo.okendoken.com/2.1/white/lib/nvd3/stream_layers.js]
[demo.okendoken.com/2.1/white/lib/backbone/underscore-min.js]
[demo.okendoken.com/2.1/white/lib/backbone/backbone-min.js]
[demo.okendoken.com/2.1/white/lib/backbone/backbone.localStorage-min.js]
[demo.okendoken.com/2.1/white/lib/bootstrap/transition.js]
[demo.okendoken.com/2.1/white/lib/bootstrap/collapse.js]
[demo.okendoken.com/2.1/white/lib/bootstrap/alert.js]
[demo.okendoken.com/2.1/white/lib/bootstrap/tooltip.js]
[demo.okendoken.com/2.1/white/lib/bootstrap/popover.js]
[demo.okendoken.com/2.1/white/lib/bootstrap/button.js]
[demo.okendoken.com/2.1/white/lib/bootstrap/tab.js]
[demo.okendoken.com/2.1/white/lib/bootstrap/dropdown.js]
[demo.okendoken.com/2.1/white/js/app.js]
[demo.okendoken.com/2.1/white/js/settings.js]
[demo.okendoken.com/2.1/white/js/index.js]
[demo.okendoken.com/2.1/white/js/chat.js]
[demo.okendoken.com/2.1/white/index.html]
[demo.okendoken.com/2.1/white/css/font/open-sans-light.woff]
[demo.okendoken.com/2.1/white/css/font/open-sans.woff]
[demo.okendoken.com/2.1/white/css/font/open-sans-semibold.woff]
[demo.okendoken.com/2.1/white/css/font/open-sans-bold.woff]
[demo.okendoken.com/2.1/white/css/font/open-sans-italic.woff]
[demo.okendoken.com/2.1/white/css/font/open-sans-italic-light.woff]
[demo.okendoken.com/2.1/white/css/fonts/glyphicons/glyphicons-halflings-regular.eot]
[demo.okendoken.com/2.1/white/css/fonts/glyphicons/glyphicons-halflings-regular.woff]
[demo.okendoken.com/2.1/white/css/fonts/glyphicons/glyphicons-halflings-regulard41d.eot]
[demo.okendoken.com/2.1/white/css/fonts/glyphicons/glyphicons-halflings-regular.ttf]
[demo.okendoken.com/2.1/white/css/fonts/font-awesome/fontawesome-webfontba72.eot]
[demo.okendoken.com/2.1/white/css/fonts/font-awesome/fontawesome-webfontd41d.eot]
[demo.okendoken.com/2.1/white/css/fonts/font-awesome/fontawesome-webfontba72.woff]
[demo.okendoken.com/2.1/white/css/fonts/font-awesome/fontawesome-webfontba72.ttf]
[demo.okendoken.com/2.1/white/img/icheck/square/grey.png]
[demo.okendoken.com/2.1/white/img/icheck/square/grey@2x.png]
[demo.okendoken.com/2.1/white/css/select2.png]
[demo.okendoken.com/2.1/white/css/select2x2.png]
[demo.okendoken.com/2.1/white/img/saturation2.png]
[demo.okendoken.com/2.1/white/img/hue.png]
[demo.okendoken.com/2.1/white/img/alpha.png]
[demo.okendoken.com/2.1/white/img/bgnoise_lg_dark.png]
[demo.okendoken.com/2.1/white/img/search.png]
[demo.okendoken.com/2.1/white/img/datatables/sort_both.png]
[demo.okendoken.com/2.1/white/img/datatables/sort_asc.png]
[demo.okendoken.com/2.1/white/img/datatables/sort_desc.png]
[demo.okendoken.com/2.1/white/img/datatables/sort_asc_disabled.png]
[demo.okendoken.com/2.1/white/img/datatables/sort_desc_disabled.png]
[demo.okendoken.com/2.1/white/css/application.min.css]
[demo.okendoken.com/2.1/white/img/15.jpg]
[demo.okendoken.com/2.1/white/lib/jquery-maskedinput/jquery.maskedinput.js]
[demo.okendoken.com/2.1/white/lib/parsley/parsley.js]
[demo.okendoken.com/2.1/white/lib/select2.js]
[demo.okendoken.com/2.1/white/lib/bootstrap/modal.js]
[demo.okendoken.com/2.1/white/lib/bootstrap-datepicker.js]
[demo.okendoken.com/2.1/white/lib/bootstrap-select/bootstrap-select.js]
[demo.okendoken.com/2.1/white/lib/wysihtml5/wysihtml5-0.3.0_rc2.js]
[demo.okendoken.com/2.1/white/lib/bootstrap-wysihtml5/bootstrap-wysihtml5.js]
[demo.okendoken.com/2.1/white/js/forms.js]
[demo.okendoken.com/2.1/white/form_account.html]
[demo.okendoken.com/2.1/white/js/forms-article.js]
[demo.okendoken.com/2.1/white/form_article.html]
[demo.okendoken.com/2.1/white/lib/jquery.autogrow-textarea.js]
[demo.okendoken.com/2.1/white/lib/bootstrap-switch.js]
[demo.okendoken.com/2.1/white/lib/bootstrap-colorpicker.js]
[demo.okendoken.com/2.1/white/lib/bootstrap-slider-3.0.1/bootstrap-slider.min.js]
[demo.okendoken.com/2.1/white/js/forms-elemets.js]
[demo.okendoken.com/2.1/white/form_elements.html]
[demo.okendoken.com/2.1/white/js/forms-validation.js]
[demo.okendoken.com/2.1/white/form_validation.html]
[demo.okendoken.com/2.1/white/lib/jquery.bootstrap.wizard.js]
[demo.okendoken.com/2.1/white/js/wizard.js]
[demo.okendoken.com/2.1/white/form_wizard.html]
[demo.okendoken.com/2.1/white/stat_statistics.html]
[demo.okendoken.com/2.1/white/lib/nvd3/src/models/stackedArea.js]
[demo.okendoken.com/2.1/white/lib/nvd3/src/models/stackedAreaChart.js]
[demo.okendoken.com/2.1/white/lib/nvd3/src/models/pie.js]
[demo.okendoken.com/2.1/white/lib/nvd3/src/models/pieChartTotal.js]
[demo.okendoken.com/2.1/white/js/stats.js]
[demo.okendoken.com/2.1/white/stat_charts.html]
[demo.okendoken.com/2.1/white/lib/d3.layout.min.js]
[demo.okendoken.com/2.1/white/lib/rickshaw/rickshaw.js]
[demo.okendoken.com/2.1/white/lib/rickshaw/rickshaw-extensions.js]
[demo.okendoken.com/2.1/white/js/realtime.js]
[demo.okendoken.com/2.1/white/stat_realtime.html]
[demo.okendoken.com/2.1/white/js/ui-buttons.js]
[demo.okendoken.com/2.1/white/ui_buttons.html]
[demo.okendoken.com/2.1/white/js/ui-dialogs.js]
[demo.okendoken.com/2.1/white/ui_dialogs.html]
[demo.okendoken.com/2.1/white/lib/messenger-1.4.1/messenger.js]
[demo.okendoken.com/2.1/white/lib/messenger-1.4.1/messenger-theme-flat.js]
[demo.okendoken.com/2.1/white/lib/messenger-1.4.1/docs/welcome/javascripts/location-sel.js]
[demo.okendoken.com/2.1/white/js/ui-notifications.js]
[demo.okendoken.com/2.1/white/ui_notifications.html]
[demo.okendoken.com/2.1/white/ui_icons.html]
[demo.okendoken.com/2.1/white/ui_tabs.html]
[demo.okendoken.com/2.1/white/ui_accordion.html]
[demo.okendoken.com/2.1/white/lib/fullcalendar/fullcalendar.js]
[demo.okendoken.com/2.1/white/js/calendar.js]
[demo.okendoken.com/2.1/white/component_calendar.html]
[demo.okendoken.com/2.1/white/lib/gmap3.js]
[demo.okendoken.com/2.1/white/lib/jquery.vmap.js]
[demo.okendoken.com/2.1/white/lib/jquery.vmap.world.js]
[demo.okendoken.com/2.1/white/lib/jquery.vmap.europe.js]
[demo.okendoken.com/2.1/white/lib/jquery.vmap.usa.js]
[demo.okendoken.com/2.1/white/lib/jquery.vmap.australia.js]
[demo.okendoken.com/2.1/white/js/maps.js]
[demo.okendoken.com/2.1/white/component_maps.html]
[demo.okendoken.com/2.1/white/img/5.jpg]
[demo.okendoken.com/2.1/white/img/9.jpg]
[demo.okendoken.com/2.1/white/img/6.jpg]
[demo.okendoken.com/2.1/white/img/8.jpg]
[demo.okendoken.com/2.1/white/img/7.jpg]
[demo.okendoken.com/2.1/white/img/10.jpg]
[demo.okendoken.com/2.1/white/img/12.jpg]
[demo.okendoken.com/2.1/white/img/11.jpg]
[demo.okendoken.com/2.1/white/component_gallery.html]
[demo.okendoken.com/2.1/white/lib/vendor/jquery.ui.widget.js]
[demo.okendoken.com/2.1/white/lib/vendor/http_blueimp.github.io_JavaScript-Templates_js_tmpl.js]
[demo.okendoken.com/2.1/white/lib/vendor/http_blueimp.github.io_JavaScript-Load-Image_js_load-image.js]
[demo.okendoken.com/2.1/white/lib/vendor/http_blueimp.github.io_JavaScript-Canvas-to-Blob_js_canvas-to-blob.js]
[demo.okendoken.com/2.1/white/lib/jquery.iframe-transport.js]
[demo.okendoken.com/2.1/white/lib/jquery.fileupload.js]
[demo.okendoken.com/2.1/white/lib/jquery.fileupload-fp.js]
[demo.okendoken.com/2.1/white/lib/jquery.fileupload-ui.js]
[demo.okendoken.com/2.1/white/js/fileupload.js]
[demo.okendoken.com/2.1/white/component_fileupload.html]
[demo.okendoken.com/2.1/white/lib/bootstrap/carousel.js]
[demo.okendoken.com/2.1/white/component_bootstrap.html]
[demo.okendoken.com/2.1/white/lib/jquery.ui.touch-punch.js]
[demo.okendoken.com/2.1/white/lib/jquery.nestable.js]
[demo.okendoken.com/2.1/white/js/list-groups.js]
[demo.okendoken.com/2.1/white/component_list_groups.html]
[demo.okendoken.com/2.1/white/img/jpeg/1.jpg]
[demo.okendoken.com/2.1/white/img/jpeg/2.jpg]
[demo.okendoken.com/2.1/white/img/jpeg/3.jpg]
[demo.okendoken.com/2.1/white/img/jpeg/4.jpg]
[demo.okendoken.com/2.1/white/img/jpeg/11.jpg]
[demo.okendoken.com/2.1/white/tables_static.html]
[demo.okendoken.com/2.1/white/lib/jquery.dataTables.min.js]
[demo.okendoken.com/2.1/white/lib/backbone/backbone-pageable.js]
[demo.okendoken.com/2.1/white/lib/backgrid/backgrid.js]
[demo.okendoken.com/2.1/white/lib/backgrid/backgrid-paginator.js]
[demo.okendoken.com/2.1/white/js/tables-dynamic.js]
[demo.okendoken.com/2.1/white/tables_dynamic.html]
[demo.okendoken.com/2.1/white/grid.html]
[demo.okendoken.com/2.1/white/js/grid-live.js]
[demo.okendoken.com/2.1/white/grid_live.html]
[demo.okendoken.com/2.1/white/special_search.html]
[demo.okendoken.com/2.1/white/img/logo.png]
[demo.okendoken.com/2.1/white/js/print.js]
[demo.okendoken.com/2.1/white/special_invoice.html]
[demo.okendoken.com/2.1/white/lib/wysihtml5/advanced.js]
[demo.okendoken.com/2.1/white/js/inbox.js]
[demo.okendoken.com/2.1/white/special_inbox.html]
[demo.okendoken.com/2.1/white/login.html]
[demo.okendoken.com/2.1/white/special_404.html]
[demo.okendoken.com/2.1/white/lib/nvd3/src/nv.d3.css]
[demo.okendoken.com/2.1/white/css/fontello/font/fontello8314.eot]
[demo.okendoken.com/2.1/white/css/fontello/font/fontello8314.woff]
[demo.okendoken.com/2.1/white/css/fontello/font/fontello8314.ttf]
[demo.okendoken.com/2.1/white/css/fontello/css/fontello.css]
[demo.okendoken.com/2.1/white/css/fonts/glyphicons/glyphicons-halflings-regular.svg]
[demo.okendoken.com/2.1/white/css/fonts/font-awesome/fontawesome-webfontba72.svg]
[demo.okendoken.com/2.1/white/css/fontello/font/fontello8314.svg]
